
> tftiseasy-training-tool@1.0.0 build
> tsc && vite build

[36mvite v7.3.1 [32mbuilding client environment for production...[36m[39m
transforming...
[32m✓[39m 920 modules transformed.
node.exe : [33mGenerated an empty chunk: 
"vendor-react".[39m
At line:1 char:1
+ & "C:\Program Files\nodejs/node.exe" "C:\Program 
Files\nodejs/node_mo ...
+ ~~~~~~~~~~~~~~~~~~~~~~~~~~~~~~~~~~~~~~~~~~~~~~~~~
~~~~~~~~~~~~~~~~~~~~
    + CategoryInfo          : NotSpecified:     
([33mGenerated ...or-react".[39m:Strin    g) [], 
RemoteException
    + FullyQualifiedErrorId : NativeCommandE    
rror
 
[33mGenerated an empty chunk: "vendor-fonts".[39m
rendering chunks...
[33m[plugin vite:reporter] 
(!) 
D:/TFT-hoho/src/features/tft-iq/proIqService.ts is 
dynamically imported by 
D:/TFT-hoho/src/pages/Admin/AdminDataModal.tsx, 
D:/TFT-hoho/src/pages/Admin/AdminDataModal.tsx but 
also statically imported by D:/TFT-hoho/src/pages/A
dmin/ProIqManager/ProIqManager.tsx, D:/TFT-hoho/src
/pages/Admin/components/TrashView.tsx, dynamic 
import will not move module into another chunk.
[39m
computing gzip size...
[2mdist/[22m[32mindex.html                                              [39m[1m[2m  1.48 kB[22m[1m[22m[2m │ gzip:   0.68 kB[22m
[2mdist/[22m[32massets/sprite-Dx4VCbSG.webp                             [39m[1m[2m  4.19 kB[22m[1m[22m
[2mdist/[22m[32massets/spectral-cyrillic-ext-400-normal--n_iQ4wr.woff   [39m[1m[2m  4.34 kB[22m[1m[22m
[2mdist/[22m[32massets/spectral-cyrillic-ext-600-normal-BVATWin6.woff   [39m[1m[2m  4.59 kB[22m[1m[22m
[2mdist/[22m[32massets/inter-vietnamese-400-normal-DMkecbls.woff2       [39m[1m[2m  4.97 kB[22m[1m[22m
[2mdist/[22m[32massets/inter-vietnamese-600-normal-Cc8MFFhd.woff2       [39m[1m[2m  5.10 kB[22m[1m[22m
[2mdist/[22m[32massets/inter-vietnamese-700-normal-DlLaEgI2.woff2       [39m[1m[2m  5.10 kB[22m[1m[22m
[2mdist/[22m[32massets/inter-vietnamese-500-normal-DOriooB6.woff2       [39m[1m[2m  5.11 kB[22m[1m[22m
[2mdist/[22m[32massets/molediver-DEYxAev_.webp                          [39m[1m[2m  5.26 kB[22m[1m[22m
[2mdist/[22m[32massets/inter-greek-ext-400-normal-DGGRlc-M.woff2        [39m[1m[2m  5.26 kB[22m[1m[22m
[2mdist/[22m[32massets/inter-greek-ext-500-normal-C4iEst2y.woff2        [39m[1m[2m  5.43 kB[22m[1m[22m
[2mdist/[22m[32massets/inter-greek-ext-600-normal-DRtmH8MT.woff2        [39m[1m[2m  5.43 kB[22m[1m[22m
[2mdist/[22m[32massets/inter-greek-ext-700-normal-qfdV9bQt.woff2        [39m[1m[2m  5.44 kB[22m[1m[22m
[2mdist/[22m[32massets/spectral-vietnamese-400-normal-CWkMWCzb.woff     [39m[1m[2m  5.71 kB[22m[1m[22m
[2mdist/[22m[32massets/spectral-vietnamese-600-normal-esmjhrFa.woff     [39m[1m[2m  5.75 kB[22m[1m[22m
[2mdist/[22m[32massets/bunbun-CDRctptO.webp                             [39m[1m[2m  5.94 kB[22m[1m[22m
[2mdist/[22m[32massets/choncc-CVny-8Vw.webp                             [39m[1m[2m  6.20 kB[22m[1m[22m
[2mdist/[22m[32massets/pengu-7PyX6frF.webp                              [39m[1m[2m  6.23 kB[22m[1m[22m
[2mdist/[22m[32massets/inter-vietnamese-400-normal-Bbgyi5SW.woff        [39m[1m[2m  6.50 kB[22m[1m[22m
[2mdist/[22m[32massets/norra-CjvCn5lT.webp                              [39m[1m[2m  6.50 kB[22m[1m[22m
[2mdist/[22m[32massets/spectral-cyrillic-ext-400-normal-B4-YHs9i.woff2  [39m[1m[2m  6.52 kB[22m[1m[22m
[2mdist/[22m[32massets/fenroar-BSjWf7Mk.webp                            [39m[1m[2m  6.55 kB[22m[1m[22m
[2mdist/[22m[32massets/inter-vietnamese-500-normal-mJboJaSs.woff        [39m[1m[2m  6.60 kB[22m[1m[22m
[2mdist/[22m[32massets/inter-vietnamese-700-normal-BZaoP0fm.woff        [39m[1m[2m  6.63 kB[22m[1m[22m
[2mdist/[22m[32massets/inter-vietnamese-600-normal-BuLX-rYi.woff        [39m[1m[2m  6.64 kB[22m[1m[22m
[2mdist/[22m[32massets/spectral-cyrillic-ext-600-normal-CvRHnPuy.woff2  [39m[1m[2m  6.79 kB[22m[1m[22m
[2mdist/[22m[32massets/inter-greek-ext-400-normal-KugGGMne.woff         [39m[1m[2m  7.06 kB[22m[1m[22m
[2mdist/[22m[32massets/inter-greek-ext-500-normal-2j5mBUwD.woff         [39m[1m[2m  7.19 kB[22m[1m[22m
[2mdist/[22m[32massets/inter-greek-ext-600-normal-B8X0CLgF.woff         [39m[1m[2m  7.21 kB[22m[1m[22m
[2mdist/[22m[32massets/inter-greek-ext-700-normal-BoQ6DsYi.woff         [39m[1m[2m  7.22 kB[22m[1m[22m
[2mdist/[22m[32massets/ahri-CzOAF-qP.webp                               [39m[1m[2m  7.66 kB[22m[1m[22m
[2mdist/[22m[32massets/spectral-vietnamese-400-normal-C7CRHYqk.woff2    [39m[1m[2m  7.68 kB[22m[1m[22m
[2mdist/[22m[32massets/inter-cyrillic-400-normal-obahsSVq.woff2         [39m[1m[2m  7.71 kB[22m[1m[22m
[2mdist/[22m[32massets/inter-greek-400-normal-B4URO6DV.woff2            [39m[1m[2m  7.78 kB[22m[1m[22m
[2mdist/[22m[32massets/spectral-vietnamese-600-normal-ZNiwCzjU.woff2    [39m[1m[2m  7.87 kB[22m[1m[22m
[2mdist/[22m[32massets/inter-cyrillic-500-normal-BasfLYem.woff2         [39m[1m[2m  7.90 kB[22m[1m[22m
[2mdist/[22m[32massets/inter-cyrillic-700-normal-CjBOestx.woff2         [39m[1m[2m  7.90 kB[22m[1m[22m
[2mdist/[22m[32massets/inter-greek-500-normal-BIZE56-Y.woff2            [39m[1m[2m  7.92 kB[22m[1m[22m
[2mdist/[22m[32massets/inter-greek-700-normal-C3JjAnD8.woff2            [39m[1m[2m  7.92 kB[22m[1m[22m
[2mdist/[22m[32massets/inter-greek-600-normal-plRanbMR.woff2            [39m[1m[2m  7.94 kB[22m[1m[22m
[2mdist/[22m[32massets/inter-cyrillic-600-normal-CWCymEST.woff2         [39m[1m[2m  7.97 kB[22m[1m[22m
[2mdist/[22m[32massets/augment-tree-BUiXy6Ix.webp                       [39m[1m[2m  9.03 kB[22m[1m[22m
[2mdist/[22m[32massets/inter-cyrillic-400-normal-HOLc17fK.woff          [39m[1m[2m  9.78 kB[22m[1m[22m
[2mdist/[22m[32massets/inter-cyrillic-700-normal-DrXBdSj3.woff          [39m[1m[2m  9.91 kB[22m[1m[22m
[2mdist/[22m[32massets/inter-greek-400-normal-q2sYcFCs.woff             [39m[1m[2m  9.92 kB[22m[1m[22m
[2mdist/[22m[32massets/inter-cyrillic-600-normal-4D_pXhcN.woff          [39m[1m[2m  9.94 kB[22m[1m[22m
[2mdist/[22m[32massets/inter-cyrillic-500-normal-CxZf_p3X.woff          [39m[1m[2m  9.94 kB[22m[1m[22m
[2mdist/[22m[32massets/inter-greek-500-normal-Xzm54t5V.woff             [39m[1m[2m  9.98 kB[22m[1m[22m
[2mdist/[22m[32massets/inter-greek-700-normal-BUv2fZ6O.woff             [39m[1m[2m  9.98 kB[22m[1m[22m
[2mdist/[22m[32massets/inter-greek-600-normal-BZpKdvQh.woff             [39m[1m[2m 10.03 kB[22m[1m[22m
[2mdist/[22m[32massets/inter-cyrillic-ext-400-normal-BQZuk6qB.woff2     [39m[1m[2m 10.23 kB[22m[1m[22m
[2mdist/[22m[32massets/share-tech-mono-latin-400-normal-15MgdvEM.woff   [39m[1m[2m 10.24 kB[22m[1m[22m
[2mdist/[22m[32massets/inter-cyrillic-ext-500-normal-B0yAr1jD.woff2     [39m[1m[2m 10.43 kB[22m[1m[22m
[2mdist/[22m[32massets/inter-cyrillic-ext-600-normal-Dfes3d0z.woff2     [39m[1m[2m 10.48 kB[22m[1m[22m
[2mdist/[22m[32massets/inter-cyrillic-ext-700-normal-BjwYoWNd.woff2     [39m[1m[2m 10.50 kB[22m[1m[22m
[2mdist/[22m[32massets/spectral-cyrillic-400-normal-X3p2PSzL.woff       [39m[1m[2m 11.70 kB[22m[1m[22m
[2mdist/[22m[32massets/spectral-cyrillic-600-normal-veT-ELBO.woff       [39m[1m[2m 13.20 kB[22m[1m[22m
[2mdist/[22m[32massets/inter-cyrillic-ext-400-normal-DQukG94-.woff      [39m[1m[2m 13.34 kB[22m[1m[22m
[2mdist/[22m[32massets/inter-cyrillic-ext-700-normal-LO58E6JB.woff      [39m[1m[2m 13.41 kB[22m[1m[22m
[2mdist/[22m[32massets/inter-cyrillic-ext-500-normal-BmqWE9Dz.woff      [39m[1m[2m 13.45 kB[22m[1m[22m
[2mdist/[22m[32massets/inter-cyrillic-ext-600-normal-Bcila6Z-.woff      [39m[1m[2m 13.46 kB[22m[1m[22m
[2mdist/[22m[32massets/share-tech-mono-latin-400-normal-CCqdbj5z.woff2  [39m[1m[2m 13.50 kB[22m[1m[22m
[2mdist/[22m[32massets/spectral-cyrillic-400-normal-Bx9Tn3WZ.woff2      [39m[1m[2m 15.37 kB[22m[1m[22m
[2mdist/[22m[32massets/spectral-latin-ext-400-normal-BHbqXr-7.woff      [39m[1m[2m 16.59 kB[22m[1m[22m
[2mdist/[22m[32massets/spectral-cyrillic-600-normal-Dl75bDKp.woff2      [39m[1m[2m 16.91 kB[22m[1m[22m
[2mdist/[22m[32massets/spectral-latin-ext-600-normal-DnKmvInL.woff      [39m[1m[2m 17.10 kB[22m[1m[22m
[2mdist/[22m[32massets/spectral-latin-400-normal-D34IWA1h.woff          [39m[1m[2m 17.34 kB[22m[1m[22m
[2mdist/[22m[32massets/spectral-latin-600-normal-DXnQJnYb.woff          [39m[1m[2m 18.52 kB[22m[1m[22m
[2mdist/[22m[32massets/spectral-latin-ext-400-normal-XDLFwhqg.woff2     [39m[1m[2m 20.24 kB[22m[1m[22m
[2mdist/[22m[32massets/spectral-latin-ext-600-normal-DKlDBbgb.woff2     [39m[1m[2m 20.82 kB[22m[1m[22m
[2mdist/[22m[32massets/spectral-latin-400-normal-CTVgUekv.woff2         [39m[1m[2m 21.70 kB[22m[1m[22m
[2mdist/[22m[32massets/spectral-latin-600-normal-DE3OxvnQ.woff2         [39m[1m[2m 22.94 kB[22m[1m[22m
[2mdist/[22m[32massets/inter-latin-400-normal-C38fXH4l.woff2            [39m[1m[2m 23.66 kB[22m[1m[22m
[2mdist/[22m[32massets/inter-latin-500-normal-Cerq10X2.woff2            [39m[1m[2m 24.27 kB[22m[1m[22m
[2mdist/[22m[32massets/inter-latin-700-normal-Yt3aPRUw.woff2            [39m[1m[2m 24.36 kB[22m[1m[22m
[2mdist/[22m[32massets/inter-latin-600-normal-LgqL8muc.woff2            [39m[1m[2m 24.45 kB[22m[1m[22m
[2mdist/[22m[32massets/inter-latin-400-normal-CyCys3Eg.woff             [39m[1m[2m 30.70 kB[22m[1m[22m
[2mdist/[22m[32massets/inter-latin-600-normal-CiBQ2DWP.woff             [39m[1m[2m 31.26 kB[22m[1m[22m
[2mdist/[22m[32massets/inter-latin-500-normal-BL9OpVg8.woff             [39m[1m[2m 31.28 kB[22m[1m[22m
[2mdist/[22m[32massets/inter-latin-700-normal-BLAVimhd.woff             [39m[1m[2m 31.32 kB[22m[1m[22m
[2mdist/[22m[32massets/inter-latin-ext-400-normal-C1nco2VV.woff2        [39m[1m[2m 35.00 kB[22m[1m[22m
[2mdist/[22m[32massets/inter-latin-ext-500-normal-CV4jyFjo.woff2        [39m[1m[2m 36.02 kB[22m[1m[22m
[2mdist/[22m[32massets/inter-latin-ext-700-normal-Ca8adRJv.woff2        [39m[1m[2m 36.24 kB[22m[1m[22m
[2mdist/[22m[32massets/inter-latin-ext-600-normal-D2bJ5OIk.woff2        [39m[1m[2m 36.26 kB[22m[1m[22m
[2mdist/[22m[32massets/inter-latin-ext-400-normal-77YHD8bZ.woff         [39m[1m[2m 47.56 kB[22m[1m[22m
[2mdist/[22m[32massets/inter-latin-ext-500-normal-BxGbmqWO.woff         [39m[1m[2m 48.49 kB[22m[1m[22m
[2mdist/[22m[32massets/inter-latin-ext-700-normal-TidjK2hL.woff         [39m[1m[2m 48.63 kB[22m[1m[22m
[2mdist/[22m[32massets/inter-latin-ext-600-normal-CIVaiw4L.woff         [39m[1m[2m 48.67 kB[22m[1m[22m
[2mdist/[22m[32massets/frozen_onsen-CMm5jgZc.webp                       [39m[1m[2m135.85 kB[22m[1m[22m
[2mdist/[22m[32massets/lotus_pond-D4VZ7D0L.webp                         [39m[1m[2m149.38 kB[22m[1m[22m
[2mdist/[22m[32massets/infernal_tavern-BnK3ZUyY.webp                    [39m[1m[2m150.19 kB[22m[1m[22m
[2mdist/[22m[32massets/bilgewater_depths-u_Utrkrc.webp                  [39m[1m[2m154.66 kB[22m[1m[22m
[2mdist/[22m[32massets/yuumi_library-D9cqXC27.webp                      [39m[1m[2m154.81 kB[22m[1m[22m
[2mdist/[22m[32massets/zaun_laboratory-D4OKQett.webp                    [39m[1m[2m155.67 kB[22m[1m[22m
[2mdist/[22m[32massets/ancient_portal-D0eDu4BD.webp                     [39m[1m[2m158.26 kB[22m[1m[22m
[2mdist/[22m[32massets/cyber_city-VKamqgN-.webp                         [39m[1m[2m164.03 kB[22m[1m[22m
[2mdist/[22m[32massets/deep_sea-n9_K-WJV.webp                           [39m[1m[2m168.86 kB[22m[1m[22m
[2mdist/[22m[32massets/summoners_rift-DA4EMqJV.webp                     [39m[1m[2m188.97 kB[22m[1m[22m
[2mdist/[22m[32massets/monsters_attack-DjO7Tfo2.webp                    [39m[1m[2m190.70 kB[22m[1m[22m
[2mdist/[22m[32massets/water_dragon_village-CN0jbL7m.webp               [39m[1m[2m235.72 kB[22m[1m[22m
[2mdist/[22m[35massets/ShareModal-okwV4vjg.css                          [39m[1m[2m  4.50 kB[22m[1m[22m[2m │ gzip:   1.44 kB[22m
[2mdist/[22m[35massets/vendor-fonts-tUoSWX8k.css                        [39m[1m[2m  4.58 kB[22m[1m[22m[2m │ gzip:   0.87 kB[22m
[2mdist/[22m[35massets/LoginModal-C_MZw2Ab.css                          [39m[1m[2m  8.40 kB[22m[1m[22m[2m │ gzip:   2.14 kB[22m
[2mdist/[22m[35massets/VideoLibraryPage-BtEaoQ1Z.css                    [39m[1m[2m 13.08 kB[22m[1m[22m[2m │ gzip:   3.07 kB[22m
[2mdist/[22m[35massets/UserProfileModal-CIpe5ANk.css                    [39m[1m[2m 13.12 kB[22m[1m[22m[2m │ gzip:   3.02 kB[22m
[2mdist/[22m[35massets/AdminDataModal-BJuPo4Yx.css                      [39m[1m[2m 63.37 kB[22m[1m[22m[2m │ gzip:  10.76 kB[22m
[2mdist/[22m[35massets/index-D53RRZTN.css                               [39m[1m[2m106.92 kB[22m[1m[22m[2m │ gzip:  19.04 kB[22m
[2mdist/[22m[36massets/vendor-react-l0sNRNKZ.js                         [39m[1m[2m  0.00 kB[22m[1m[22m[2m │ gzip:   0.02 kB[22m
[2mdist/[22m[36massets/urlCompression-C47BdCFo.js                       [39m[1m[2m  0.73 kB[22m[1m[22m[2m │ gzip:   0.46 kB[22m
[2mdist/[22m[36massets/seedTestPuzzles-CDk5Q_RP.js                      [39m[1m[2m  2.07 kB[22m[1m[22m[2m │ gzip:   0.91 kB[22m
[2mdist/[22m[36massets/LoginModal-B10wNvQ0.js                           [39m[1m[2m  5.71 kB[22m[1m[22m[2m │ gzip:   2.21 kB[22m
[2mdist/[22m[36massets/VideoLibraryPage-44T7T5c-.js                     [39m[1m[2m  6.66 kB[22m[1m[22m[2m │ gzip:   2.34 kB[22m
[2mdist/[22m[36massets/UserProfileModal-W22hWDv_.js                     [39m[1m[2m 13.43 kB[22m[1m[22m[2m │ gzip:   3.96 kB[22m
[2mdist/[22m[36massets/webm-muxer-OEt_6Ejv.js                           [39m[1m[2m 29.29 kB[22m[1m[22m[2m │ gzip:   8.20 kB[22m
[2mdist/[22m[36massets/ShareModal-FG3pwBJv.js                           [39m[1m[2m 35.30 kB[22m[1m[22m[2m │ gzip:  13.29 kB[22m
[2mdist/[22m[36massets/AdminDataModal-C6OU1W6M.js                       [39m[1m[2m135.68 kB[22m[1m[22m[2m │ gzip:  33.86 kB[22m
[2mdist/[22m[36massets/vendor-supabase-DhDedaeW.js                      [39m[1m[2m167.48 kB[22m[1m[22m[2m │ gzip:  44.40 kB[22m
[2mdist/[22m[36massets/index-D_114k4R.js                                [39m[1m[2m191.72 kB[22m[1m[22m[2m │ gzip:  53.05 kB[22m
[2mdist/[22m[36massets/vendor-remotion-fxPGNjRl.js                      [39m[1m[2m298.05 kB[22m[1m[22m[2m │ gzip:  93.38 kB[22m
[2mdist/[22m[36massets/vendor-recharts-CXA0O6QI.js                      [39m[1m[2m364.11 kB[22m[1m[22m[2m │ gzip: 107.95 kB[22m
[32m✓ built in 9.82s[39m
